[dotenv@17.3.1] injecting env (8) from server\.env.test -- tip: 🤖 agentic secret storage: https://dotenvx.com/as2
Resetting test database...
Datasource "db": PostgreSQL database "helpdesk_test", schema "public" at "localhost:5432"

Applying migration `20260210185444_add_better_auth_tables`
Applying migration `20260210200027_add_user_role`
Applying migration `20260210200100_change_role_to_enum`
Applying migration `20260218190509_add_user_deleted_at`
Applying migration `20260219170454_add_ticket_model`
Applying migration `20260224164447_add_reply_model`
Applying migration `20260225181704_add_body_html_to_reply`
Applying migration `20260227155141_add_new_and_processing_ticket_status`
Applying migration `20260227155314_change_ticket_default_status_to_new`
Applying migration `20260302000000_add_get_ticket_stats_function`

Database reset successful

The following migration(s) have been applied:

migrations/
  └─ 20260210185444_add_better_auth_tables/
    └─ migration.sql
  └─ 20260210200027_add_user_role/
    └─ migration.sql
  └─ 20260210200100_change_role_to_enum/
    └─ migration.sql
  └─ 20260218190509_add_user_deleted_at/
    └─ migration.sql
  └─ 20260219170454_add_ticket_model/
    └─ migration.sql
  └─ 20260224164447_add_reply_model/
    └─ migration.sql
  └─ 20260225181704_add_body_html_to_reply/
    └─ migration.sql
  └─ 20260227155141_add_new_and_processing_ticket_status/
    └─ migration.sql
  └─ 20260227155314_change_ticket_default_status_to_new/
    └─ migration.sql
  └─ 20260302000000_add_get_ticket_stats_function/
    └─ migration.sql

Running seed...
Admin user admin@example.com created successfully.
AI agent user created successfully.
Clearing the pg-boss job queue...
Script executed successfully.
Test database ready.
Error: Playwright Test did not expect test.describe() to be called here.
Most common reasons include:
- You are calling test.describe() in a configuration file.
- You are calling test.describe() in a file that is imported by the configuration file.
- You have two different versions of @playwright/test. This usually happens
  when one of the dependencies in your package.json depends on @playwright/test.

   at auth.spec.ts:11

   9 | } from "../fixtures/auth";
  10 |
> 11 | test.describe("Authentication", () => {
     |      ^
  12 |   test.describe("Login Page", () => {
  13 |     test.beforeEach(async ({ page }) => {
  14 |       await page.goto("/login");
    at TestTypeImpl._currentSuite (c:\Users\JBMccallaghan\Downloads\Personal Projects\helpdesk\node_modules\playwright\lib\common\testType.js:75:13)
    at TestTypeImpl._describe (c:\Users\JBMccallaghan\Downloads\Personal Projects\helpdesk\node_modules\playwright\lib\common\testType.js:115:24)
    at Function.describe (c:\Users\JBMccallaghan\Downloads\Personal Projects\helpdesk\node_modules\playwright\lib\transform\transform.js:282:12)
    at Object.<anonymous> (c:\Users\JBMccallaghan\Downloads\Personal Projects\helpdesk\e2e\tests\auth.spec.ts:11:6)
Error: No tests found.
Make sure that arguments are regular expressions matching test files.
You may need to escape symbols like "$" or "*" and quote the arguments.
Test run complete. Test database left intact for debugging.

