[dotenv@17.3.1] injecting env (8) from server\.env.test -- tip: ⚙️  override existing env vars with { override: true }
Resetting test database...
Datasource "db": PostgreSQL database "helpdesk_test", schema "public" at "localhost:5432"

Applying migration `20260210185444_add_better_auth_tables`
Applying migration `20260210200027_add_user_role`
Applying migration `20260210200100_change_role_to_enum`
Applying migration `20260218190509_add_user_deleted_at`
Applying migration `20260219170454_add_ticket_model`
Applying migration `20260224164447_add_reply_model`
Applying migration `20260225181704_add_body_html_to_reply`
Applying migration `20260227155141_add_new_and_processing_ticket_status`
Applying migration `20260227155314_change_ticket_default_status_to_new`
Applying migration `20260302000000_add_get_ticket_stats_function`

Database reset successful

The following migration(s) have been applied:

migrations/
  └─ 20260210185444_add_better_auth_tables/
    └─ migration.sql
  └─ 20260210200027_add_user_role/
    └─ migration.sql
  └─ 20260210200100_change_role_to_enum/
    └─ migration.sql
  └─ 20260218190509_add_user_deleted_at/
    └─ migration.sql
  └─ 20260219170454_add_ticket_model/
    └─ migration.sql
  └─ 20260224164447_add_reply_model/
    └─ migration.sql
  └─ 20260225181704_add_body_html_to_reply/
    └─ migration.sql
  └─ 20260227155141_add_new_and_processing_ticket_status/
    └─ migration.sql
  └─ 20260227155314_change_ticket_default_status_to_new/
    └─ migration.sql
  └─ 20260302000000_add_get_ticket_stats_function/
    └─ migration.sql

Running seed...
Admin user admin@example.com created successfully.
AI agent user created successfully.
Clearing the pg-boss job queue...
Script executed successfully.
Test database ready.

Running 1 test using 1 worker

  ok 1 [chromium] › e2e\tests\users.spec.ts:491:9 › Role management › AC1, AC8 — editing a role from the Users page › should change an admin back to an agent and show the new role in the table (3.9s)
Test run complete. Test database left intact for debugging.

  1 passed (8.3s)
