[dotenv@17.3.1] injecting env (8) from server\.env.test -- tip: ⚙️  write to custom object with { processEnv: myObject }
Resetting test database...
Datasource "db": PostgreSQL database "helpdesk_test", schema "public" at "localhost:5432"

Applying migration `20260210185444_add_better_auth_tables`
Applying migration `20260210200027_add_user_role`
Applying migration `20260210200100_change_role_to_enum`
Applying migration `20260218190509_add_user_deleted_at`
Applying migration `20260219170454_add_ticket_model`
Applying migration `20260224164447_add_reply_model`
Applying migration `20260225181704_add_body_html_to_reply`
Applying migration `20260227155141_add_new_and_processing_ticket_status`
Applying migration `20260227155314_change_ticket_default_status_to_new`
Applying migration `20260302000000_add_get_ticket_stats_function`

Database reset successful

The following migration(s) have been applied:

migrations/
  └─ 20260210185444_add_better_auth_tables/
    └─ migration.sql
  └─ 20260210200027_add_user_role/
    └─ migration.sql
  └─ 20260210200100_change_role_to_enum/
    └─ migration.sql
  └─ 20260218190509_add_user_deleted_at/
    └─ migration.sql
  └─ 20260219170454_add_ticket_model/
    └─ migration.sql
  └─ 20260224164447_add_reply_model/
    └─ migration.sql
  └─ 20260225181704_add_body_html_to_reply/
    └─ migration.sql
  └─ 20260227155141_add_new_and_processing_ticket_status/
    └─ migration.sql
  └─ 20260227155314_change_ticket_default_status_to_new/
    └─ migration.sql
  └─ 20260302000000_add_get_ticket_stats_function/
    └─ migration.sql

Running seed...
Admin user admin@example.com created successfully.
AI agent user created successfully.
Clearing the pg-boss job queue...
Script executed successfully.
Test database ready.

Running 31 tests using 10 workers

  ok  1 [chromium] › e2e\tests\auth.spec.ts:82:9 › Authentication › Login Page › should show error with empty email and password (2.0s)
  ok  8 [chromium] › e2e\tests\auth.spec.ts:131:9 › Authentication › Login Page › should show loading state during login (1.9s)
  ok  5 [chromium] › e2e\tests\auth.spec.ts:58:9 › Authentication › Login Page › should show error with empty email (1.9s)
  ok  2 [chromium] › e2e\tests\auth.spec.ts:17:9 › Authentication › Login Page › should display login form with all elements (2.1s)
  ok  7 [chromium] › e2e\tests\auth.spec.ts:71:9 › Authentication › Login Page › should show error with empty password (2.0s)
  ok  4 [chromium] › e2e\tests\auth.spec.ts:44:9 › Authentication › Login Page › should show error with invalid email format (2.5s)
  ok  9 [chromium] › e2e\tests\auth.spec.ts:115:9 › Authentication › Login Page › should show error with incorrect password (3.0s)
  ok  3 [chromium] › e2e\tests\auth.spec.ts:32:9 › Authentication › Login Page › should login successfully with valid admin credentials (3.2s)
  ok  6 [chromium] › e2e\tests\auth.spec.ts:97:9 › Authentication › Login Page › should show error with invalid email (non-existent user) (3.4s)
  ok 10 [chromium] › e2e\tests\auth.spec.ts:155:9 › Authentication › Login Page › should redirect to home if already authenticated (3.6s)
  ok 19 [chromium] › e2e\tests\auth.spec.ts:289:9 › Authentication › Protected Routes › should redirect unauthenticated user to login when accessing root (1.1s)
  ok 20 [chromium] › e2e\tests\auth.spec.ts:296:9 › Authentication › Protected Routes › should redirect unauthenticated user to login when accessing admin route (1.2s)
  ok 13 [chromium] › e2e\tests\auth.spec.ts:201:9 › Authentication › Session Persistence › should maintain session when navigating directly to protected route (3.1s)
  ok 11 [chromium] › e2e\tests\auth.spec.ts:189:9 › Authentication › Session Persistence › should maintain session after page reload (3.2s)
  ok 15 [chromium] › e2e\tests\auth.spec.ts:240:9 › Authentication › Logout › should logout successfully (3.1s)
  ok 21 [chromium] › e2e\tests\auth.spec.ts:303:9 › Authentication › Protected Routes › should redirect unauthenticated user from home to login (1.4s)
  ok 17 [chromium] › e2e\tests\auth.spec.ts:259:9 › Authentication › Logout › should not be able to access admin routes after logout (3.0s)
  ok 14 [chromium] › e2e\tests\auth.spec.ts:217:9 › Authentication › Session Persistence › should maintain session across multiple page navigations (4.2s)
  ok 16 [chromium] › e2e\tests\auth.spec.ts:247:9 › Authentication › Logout › should not be able to access protected routes after logout (4.2s)
  ok 28 [chromium] › e2e\tests\auth.spec.ts:413:9 › Authentication › URL Handling › should redirect unknown routes to login for unauthenticated user (1.2s)
  ok 12 [chromium] › e2e\tests\auth.spec.ts:168:9 › Authentication › Login Page › should clear server error on new submission (5.7s)
  ok 24 [chromium] › e2e\tests\auth.spec.ts:341:9 › Authentication › Admin Route Protection › should show 'Users' link in navigation for admin (2.7s)
  ok 25 [chromium] › e2e\tests\auth.spec.ts:350:9 › Authentication › Admin Route Protection › should navigate to users page when clicking Users link (2.7s)
  ok 22 [chromium] › e2e\tests\auth.spec.ts:312:9 › Authentication › Protected Routes › should allow access to protected route after login (2.9s)
  ok 23 [chromium] › e2e\tests\auth.spec.ts:328:9 › Authentication › Admin Route Protection › should allow admin to access admin routes (3.2s)
  ok 29 [chromium] › e2e\tests\auth.spec.ts:429:9 › Authentication › Navigation Bar › should display correct user information (1.9s)
  ok 18 [chromium] › e2e\tests\auth.spec.ts:271:9 › Authentication › Logout › should require login again after logout (5.6s)
  ok 27 [chromium] › e2e\tests\auth.spec.ts:401:9 › Authentication › URL Handling › should redirect unknown routes to home for authenticated user (2.9s)
  ok 26 [chromium] › e2e\tests\auth.spec.ts:365:9 › Authentication › Admin Route Protection › should maintain access to home route while on admin route (3.2s)
  ok 30 [chromium] › e2e\tests\auth.spec.ts:439:9 › Authentication › Navigation Bar › should display Helpdesk branding (1.9s)
  ok 31 [chromium] › e2e\tests\auth.spec.ts:443:9 › Authentication › Navigation Bar › should show navigation appropriate to user role (2.0s)
Test run complete. Test database left intact for debugging.

  31 passed (14.3s)
