(node:26764) [DEP0205] DeprecationWarning: `module.register()` is deprecated. Use `module.registerHooks()` instead.
(Use `node --trace-deprecation ...` to show where the warning was created)

Error: Playwright Test did not expect test.describe() to be called here.
Most common reasons include:
- You are calling test.describe() in a configuration file.
- You are calling test.describe() in a file that is imported by the configuration file.
- You have two different versions of @playwright/test. This usually happens
  when one of the dependencies in your package.json depends on @playwright/test.

   at users.spec.ts:16

  14 |  * All tests run as an admin user since user management is admin-only.
  15 |  */
> 16 | test.describe('User Management', () => {
     |      ^
  17 |   test.beforeEach(async ({ page }) => {
  18 |     // Login as admin before each test
  19 |     await loginAsAdmin(page);
    at TestTypeImpl._currentSuite (c:\Users\JBMccallaghan\Downloads\Personal Projects\helpdesk\node_modules\playwright\lib\common\testType.js:75:13)
    at TestTypeImpl._describe (c:\Users\JBMccallaghan\Downloads\Personal Projects\helpdesk\node_modules\playwright\lib\common\testType.js:115:24)
    at Function.describe (c:\Users\JBMccallaghan\Downloads\Personal Projects\helpdesk\node_modules\playwright\lib\transform\transform.js:282:12)
    at Object.<anonymous> (c:\Users\JBMccallaghan\Downloads\Personal Projects\helpdesk\e2e\tests\users.spec.ts:16:6)

Error: No tests found.
Make sure that arguments are regular expressions matching test files.
You may need to escape symbols like "$" or "*" and quote the arguments.
