[dotenv@17.3.1] injecting env (8) from server\.env.test -- tip: ⚡️ secrets for agents: https://dotenvx.com/as2
Resetting test database...
Datasource "db": PostgreSQL database "helpdesk_test", schema "public" at "localhost:5432"

Applying migration `20260210185444_add_better_auth_tables`
Applying migration `20260210200027_add_user_role`
Applying migration `20260210200100_change_role_to_enum`
Applying migration `20260218190509_add_user_deleted_at`
Applying migration `20260219170454_add_ticket_model`
Applying migration `20260224164447_add_reply_model`
Applying migration `20260225181704_add_body_html_to_reply`
Applying migration `20260227155141_add_new_and_processing_ticket_status`
Applying migration `20260227155314_change_ticket_default_status_to_new`
Applying migration `20260302000000_add_get_ticket_stats_function`

Database reset successful

The following migration(s) have been applied:

migrations/
  └─ 20260210185444_add_better_auth_tables/
    └─ migration.sql
  └─ 20260210200027_add_user_role/
    └─ migration.sql
  └─ 20260210200100_change_role_to_enum/
    └─ migration.sql
  └─ 20260218190509_add_user_deleted_at/
    └─ migration.sql
  └─ 20260219170454_add_ticket_model/
    └─ migration.sql
  └─ 20260224164447_add_reply_model/
    └─ migration.sql
  └─ 20260225181704_add_body_html_to_reply/
    └─ migration.sql
  └─ 20260227155141_add_new_and_processing_ticket_status/
    └─ migration.sql
  └─ 20260227155314_change_ticket_default_status_to_new/
    └─ migration.sql
  └─ 20260302000000_add_get_ticket_stats_function/
    └─ migration.sql

Running seed...
Admin user admin@example.com created successfully.
AI agent user created successfully.
Clearing the pg-boss job queue...
Script executed successfully.
Test database ready.

Running 93 tests using 10 workers

  ok  1 [chromium] › e2e\tests\auth.spec.ts:17:9 › Authentication › Login Page › should display login form with all elements (2.0s)
  ok  5 [chromium] › e2e\tests\auth.spec.ts:82:9 › Authentication › Login Page › should show error with empty email and password (2.1s)
  ok  2 [chromium] › e2e\tests\auth.spec.ts:58:9 › Authentication › Login Page › should show error with empty email (2.2s)
  ok  4 [chromium] › e2e\tests\auth.spec.ts:71:9 › Authentication › Login Page › should show error with empty password (2.4s)
  ok  3 [chromium] › e2e\tests\auth.spec.ts:44:9 › Authentication › Login Page › should show error with invalid email format (2.5s)
  ok 10 [chromium] › e2e\tests\auth.spec.ts:131:9 › Authentication › Login Page › should show loading state during login (2.3s)
  ok  8 [chromium] › e2e\tests\auth.spec.ts:115:9 › Authentication › Login Page › should show error with incorrect password (3.5s)
  ok  6 [chromium] › e2e\tests\auth.spec.ts:97:9 › Authentication › Login Page › should show error with invalid email (non-existent user) (3.6s)
  ok  9 [chromium] › e2e\tests\auth.spec.ts:155:9 › Authentication › Login Page › should redirect to home if already authenticated (3.6s)
  ok  7 [chromium] › e2e\tests\auth.spec.ts:32:9 › Authentication › Login Page › should login successfully with valid admin credentials (4.2s)
  ok 13 [chromium] › e2e\tests\auth.spec.ts:201:9 › Authentication › Session Persistence › should maintain session when navigating directly to protected route (2.7s)
  ok 12 [chromium] › e2e\tests\auth.spec.ts:189:9 › Authentication › Session Persistence › should maintain session after page reload (3.0s)
  ok 19 [chromium] › e2e\tests\auth.spec.ts:289:9 › Authentication › Protected Routes › should redirect unauthenticated user to login when accessing root (1.3s)
  ok 14 [chromium] › e2e\tests\auth.spec.ts:217:9 › Authentication › Session Persistence › should maintain session across multiple page navigations (3.2s)
  ok 20 [chromium] › e2e\tests\auth.spec.ts:296:9 › Authentication › Protected Routes › should redirect unauthenticated user to login when accessing admin route (1.3s)
  ok 15 [chromium] › e2e\tests\auth.spec.ts:240:9 › Authentication › Logout › should logout successfully (3.2s)
  ok 16 [chromium] › e2e\tests\auth.spec.ts:247:9 › Authentication › Logout › should not be able to access protected routes after logout (3.4s)
  ok 11 [chromium] › e2e\tests\auth.spec.ts:168:9 › Authentication › Login Page › should clear server error on new submission (4.3s)
  ok 17 [chromium] › e2e\tests\auth.spec.ts:259:9 › Authentication › Logout › should not be able to access admin routes after logout (3.1s)
  ok 21 [chromium] › e2e\tests\auth.spec.ts:303:9 › Authentication › Protected Routes › should redirect unauthenticated user from home to login (1.9s)
  ok 18 [chromium] › e2e\tests\auth.spec.ts:271:9 › Authentication › Logout › should require login again after logout (4.2s)
  ok 28 [chromium] › e2e\tests\auth.spec.ts:413:9 › Authentication › URL Handling › should redirect unknown routes to login for unauthenticated user (1.5s)
  ok 23 [chromium] › e2e\tests\auth.spec.ts:328:9 › Authentication › Admin Route Protection › should allow admin to access admin routes (3.5s)
  ok 29 [chromium] › e2e\tests\auth.spec.ts:429:9 › Authentication › Navigation Bar › should display correct user information (2.9s)
  ok 30 [chromium] › e2e\tests\auth.spec.ts:439:9 › Authentication › Navigation Bar › should display Helpdesk branding (2.8s)
  ok 24 [chromium] › e2e\tests\auth.spec.ts:341:9 › Authentication › Admin Route Protection › should show 'Users' link in navigation for admin (4.1s)
  ok 32 [chromium] › e2e\tests\ticket-detail.spec.ts:132:7 › Ticket Detail Page › should redirect unauthenticated user to login (1.9s)
  ok 22 [chromium] › e2e\tests\auth.spec.ts:312:9 › Authentication › Protected Routes › should allow access to protected route after login (4.6s)
  ok 25 [chromium] › e2e\tests\auth.spec.ts:350:9 › Authentication › Admin Route Protection › should navigate to users page when clicking Users link (4.3s)
  ok 27 [chromium] › e2e\tests\auth.spec.ts:401:9 › Authentication › URL Handling › should redirect unknown routes to home for authenticated user (4.2s)
  ok 31 [chromium] › e2e\tests\auth.spec.ts:443:9 › Authentication › Navigation Bar › should show navigation appropriate to user role (2.4s)
  ok 26 [chromium] › e2e\tests\auth.spec.ts:365:9 › Authentication › Admin Route Protection › should maintain access to home route while on admin route (4.7s)
  ok 38 [chromium] › e2e\tests\tickets.spec.ts:69:9 › Tickets Page › Navigation › should redirect to login when accessing /tickets without authentication (1.2s)
  ok 36 [chromium] › e2e\tests\tickets.spec.ts:53:9 › Tickets Page › Navigation › should show 'Tickets' link in navigation for authenticated user (2.0s)
  ok 39 [chromium] › e2e\tests\tickets.spec.ts:77:9 › Tickets Page › Integration with Webhook › should display ticket created via webhook endpoint (3.5s)
  ok 37 [chromium] › e2e\tests\tickets.spec.ts:60:9 › Tickets Page › Navigation › should navigate to /tickets when clicking Tickets link (3.8s)
  ok 41 [chromium] › e2e\tests\users.spec.ts:25:9 › User Management › View Users › should display users table with correct columns (3.5s)
  ok 40 [chromium] › e2e\tests\tickets.spec.ts:97:9 › Tickets Page › Integration with Webhook › should show newly created ticket after page reload (3.9s)
  ok 33 [chromium] › e2e\tests\ticket-detail.spec.ts:147:7 › Ticket Detail Page › should persist ticket updates after page reload (5.3s)
  ok 42 [chromium] › e2e\tests\users.spec.ts:52:9 › User Management › Create User › should open create user dialog when clicking 'New User' (3.7s)
  ok 34 [chromium] › e2e\tests\ticket-detail.spec.ts:211:7 › Ticket Detail Page › should persist replies after page reload (4.6s)
  ok 43 [chromium] › e2e\tests\users.spec.ts:76:9 › User Management › Create User › should create a new agent user successfully (4.1s)
  ok 35 [chromium] › e2e\tests\ticket-detail.spec.ts:242:7 › Ticket Detail Page › should complete full agent workflow: navigate, view, update, reply, and return to list (6.0s)
  ok 44 [chromium] › e2e\tests\users.spec.ts:157:9 › User Management › Edit User › should open edit user dialog when clicking edit button (4.1s)
  ok 50 [chromium] › e2e\tests\users.spec.ts:528:9 › Role management › AC1, AC8 — editing a role from the Users page › should not offer a role control when creating a user (3.5s)
  ok 52 [chromium] › e2e\tests\users.spec.ts:581:9 › Role management › AC2 — only the admin-protected API may mutate a role › should reject a role change from an unauthenticated caller (3.0s)
  ok 46 [chromium] › e2e\tests\users.spec.ts:290:9 › User Management › Delete User › should open delete confirmation dialog when clicking delete button (4.5s)
  ok 54 [chromium] › e2e\tests\users.spec.ts:629:9 › Role management › AC3 — strict role validation › should reject an unsupported role and leave the stored role alone (2.5s)
  ok 47 [chromium] › e2e\tests\users.spec.ts:347:9 › User Management › Delete User › should delete user successfully when clicking Confirm (4.9s)
  ok 45 [chromium] › e2e\tests\users.spec.ts:220:9 › User Management › Edit User › should edit user name and email together (5.5s)
  ok 48 [chromium] › e2e\tests\users.spec.ts:461:9 › Role management › AC1, AC8 — editing a role from the Users page › should change an agent to an admin and show the new role in the table (5.4s)
  ok 51 [chromium] › e2e\tests\users.spec.ts:546:9 › Role management › AC2 — only the admin-protected API may mutate a role › should reject a role change from an authenticated non-admin (5.6s)
  ok 55 [chromium] › e2e\tests\users.spec.ts:651:9 › Role management › AC3 — strict role validation › should reject a missing role and leave the stored role alone (2.5s)
  ok 49 [chromium] › e2e\tests\users.spec.ts:491:9 › Role management › AC1, AC8 — editing a role from the Users page › should change an admin back to an agent and show the new role in the table (6.3s)
  ok 53 [chromium] › e2e\tests\users.spec.ts:601:9 › Role management › AC2 — only the admin-protected API may mutate a role › should reject an agent promoting themselves (5.7s)
  ok 56 [chromium] › e2e\tests\users.spec.ts:669:9 › Role management › AC3 — strict role validation › should reject a role differing only in case (3.5s)
  ok 57 [chromium] › e2e\tests\users.spec.ts:686:9 › Role management › AC3 — strict role validation › should reject a null role and leave the stored role alone (3.5s)
  ok 58 [chromium] › e2e\tests\users.spec.ts:705:9 › Role management › AC3 — strict role validation › should not change a role that was already rejected for another field (3.5s)
  ok 59 [chromium] › e2e\tests\users.spec.ts:732:9 › Role management › AC3 — strict role validation › should not change a role when the email is already taken (3.4s)
  ok 63 [chromium] › e2e\tests\users.spec.ts:838:9 › Role management › AC6 — creation policy is unchanged › should still create an agent through POST /api/users (2.4s)
  ok 64 [chromium] › e2e\tests\users.spec.ts:848:9 › Role management › AC6 — creation policy is unchanged › should ignore a role supplied to POST /api/users (2.3s)
  ok 65 [chromium] › e2e\tests\users.spec.ts:871:9 › Role management › AC7 — admin deletion protection survives › should refuse to delete a user whose stored role is admin (3.4s)
  ok 72 [chromium] › e2e\tests\webhook-inbound-email.spec.ts:41:9 › Webhook: Inbound Email › Authentication › should reject request with missing webhook secret (146ms)
  ok 73 [chromium] › e2e\tests\webhook-inbound-email.spec.ts:60:9 › Webhook: Inbound Email › Authentication › should reject request with wrong webhook secret in header (16ms)
  ok 74 [chromium] › e2e\tests\webhook-inbound-email.spec.ts:82:9 › Webhook: Inbound Email › Authentication › should reject request with wrong webhook secret in query param (20ms)
  ok 66 [chromium] › e2e\tests\users.spec.ts:909:9 › Role management › Self role change is refused › should refuse to let an admin demote themselves (3.4s)
  ok 75 [chromium] › e2e\tests\webhook-inbound-email.spec.ts:101:9 › Webhook: Inbound Email › Authentication › should accept request with correct webhook secret in header (46ms)
  ok 76 [chromium] › e2e\tests\webhook-inbound-email.spec.ts:121:9 › Webhook: Inbound Email › Authentication › should accept request with correct webhook secret in query param (37ms)
  ok 61 [chromium] › e2e\tests\users.spec.ts:777:9 › Role management › AC4, AC5 — a role change binds an existing session › should authorize admin APIs on a promoted agent existing session (5.7s)
  ok 78 [chromium] › e2e\tests\webhook-inbound-email.spec.ts:162:9 › Webhook: Inbound Email › Validation › should reject request with missing email field (19ms)
  ok 77 [chromium] › e2e\tests\webhook-inbound-email.spec.ts:140:9 › Webhook: Inbound Email › Validation › should reject request with invalid email format (31ms)
  ok 62 [chromium] › e2e\tests\users.spec.ts:801:9 › Role management › AC4, AC5 — a role change binds an existing session › should leave an agent existing session alone when a save does not demote them (5.5s)
  ok 80 [chromium] › e2e\tests\webhook-inbound-email.spec.ts:221:9 › Webhook: Inbound Email › Validation › should reject request with empty subject (27ms)
  ok 81 [chromium] › e2e\tests\webhook-inbound-email.spec.ts:183:9 › Webhook: Inbound Email › Validation › should use email as sender name when from field has no name (32ms)
  ok 79 [chromium] › e2e\tests\webhook-inbound-email.spec.ts:201:9 › Webhook: Inbound Email › Validation › should use email as sender name when from field has whitespace-only name (48ms)
  ok 60 [chromium] › e2e\tests\users.spec.ts:755:9 › Role management › AC4, AC5 — a role change binds an existing session › should stop authorizing admin APIs on a demoted admin existing session (6.3s)
  ok 68 [chromium] › e2e\tests\users.spec.ts:940:9 › Role management › Self role change is refused › should refuse a self role change with a 403, not a 409, when the email is also taken (3.3s)
  ok 82 [chromium] › e2e\tests\webhook-inbound-email.spec.ts:263:9 › Webhook: Inbound Email › Validation › should reject request with empty body (27ms)
  ok 83 [chromium] › e2e\tests\webhook-inbound-email.spec.ts:241:9 › Webhook: Inbound Email › Validation › should reject request with whitespace-only subject (29ms)
  ok 84 [chromium] › e2e\tests\webhook-inbound-email.spec.ts:283:9 › Webhook: Inbound Email › Validation › should accept request with missing bodyHtml (optional field) (28ms)
  ok 85 [chromium] › e2e\tests\webhook-inbound-email.spec.ts:307:9 › Webhook: Inbound Email › Ticket Creation › should create a new ticket with valid payload (44ms)
  ok 86 [chromium] › e2e\tests\webhook-inbound-email.spec.ts:350:9 › Webhook: Inbound Email › Ticket Creation › should create ticket with bodyHtml when provided (32ms)
  ok 67 [chromium] › e2e\tests\users.spec.ts:887:9 › Role management › AC7 — admin deletion protection survives › should allow deletion once an admin has been demoted (3.6s)
  ok 87 [chromium] › e2e\tests\webhook-inbound-email.spec.ts:438:9 › Webhook: Inbound Email › Email Threading › should thread email with 'Re:' prefix to existing ticket (63ms)
  ok 88 [chromium] › e2e\tests\webhook-inbound-email.spec.ts:491:9 › Webhook: Inbound Email › Email Threading › should thread email with 'Fwd:' prefix to existing ticket (71ms)
  ok 90 [chromium] › e2e\tests\webhook-inbound-email.spec.ts:544:9 › Webhook: Inbound Email › Email Threading › should thread email with multiple 'Re:' prefixes (67ms)
  ok 89 [chromium] › e2e\tests\webhook-inbound-email.spec.ts:381:9 › Webhook: Inbound Email › Email Threading › should thread duplicate email to existing open ticket (same sender + subject) (75ms)
  ok 91 [chromium] › e2e\tests\webhook-inbound-email.spec.ts:593:9 › Webhook: Inbound Email › Email Threading › should thread email with case-insensitive 're:' prefix (70ms)
  ok 70 [chromium] › e2e\tests\users.spec.ts:1001:9 › Role management › Self role change is refused › should allow an admin to save their own profile with an unchanged role (2.9s)
  ok 92 [chromium] › e2e\tests\webhook-inbound-email.spec.ts:643:9 › Webhook: Inbound Email › Email Threading › should NOT thread if sender is different (even with same subject) (88ms)
  ok 93 [chromium] › e2e\tests\webhook-inbound-email.spec.ts:695:9 › Webhook: Inbound Email › Email Threading › should NOT thread if subject is different (even with same sender) (64ms)
  ok 71 [chromium] › e2e\tests\users.spec.ts:1025:9 › Role management › Unknown user › should return 404 for a role change against an unknown id (2.7s)
  ok 69 [chromium] › e2e\tests\users.spec.ts:973:9 › Role management › Self role change is refused › should show the refusal in the dialog when an admin demotes themselves (4.8s)
Test run complete. Test database left intact for debugging.

  93 passed (32.3s)
